// Jest Snapshot v1, https://goo.gl/fbAQLP

exports[`Processor Container component Passes snapshot test 1`] = `
<div
  className={undefined}
  onMouseEnter={[Function]}
  onMouseLeave={[Function]}
>
  <div />
  <div
    className={undefined}
    onMouseEnter={[Function]}
    onMouseLeave={[Function]}
  >
    <div />
    <div>
      Type: 
      <span
        className="processor-type"
      />
    </div>
    <select
      className="processor-type-chooser"
      onChange={[Function]}
      value={undefined}
    >
      <option>
        ---
      </option>
      <option
        value="email"
      >
        Email
      </option>
      <option
        value="redirect"
      >
        Redirect
      </option>
    </select>
  </div>
  <div>
    <button
      className={undefined}
      onClick={[Function]}
      style={
        Object {
          "opacity": 0.25,
        }
      }
    >
      <span>
        Close Editor
      </span>
    </button>
    <button
      className={undefined}
      onClick={[Function]}
      style={
        Object {
          "opacity": 0.1,
        }
      }
    >
      <span>
        Remove Processor
      </span>
    </button>
  </div>
</div>
`;
